Generating models for generator.essence
Generated models: model000001.eprime
Saved under: conjure-output
Savile Row: model000001.eprime p.param
Running minion for domain filtering.
Running solver: minion
Copying solution to: generator-p.solution
language Essence 1.3

letting f be
        record {a = function(1 --> false, 2 --> false, 3 --> false, 4 --> false, 5 --> false, 6 --> true, 7 --> true),
                b = function(5 --> false, 6 --> false, 7 --> true)}
letting m be 7
m_min "-m_min " i (1, 100)
m_max "-m_max " i (1, 100)
f_a_percentage "-f_a_percentage " i (0, 100)
f_b_cardMin "-f_b_cardMin " i (0, 100)
f_b_cardMax "-f_b_cardMax " i (0, 100)
f_b_defined_min "-f_b_defined_min " i (1, 100)
f_b_defined_max "-f_b_defined_max " i (1, 100)
f_b_percentage "-f_b_percentage " i (0, 100)
language ESSENCE' 1.0

given m_min: int(1..100)
given m_max: int(1..100)
find m: int(1..100)
given f_a_percentage: int(0..100)
given f_b_cardMin: int(0..100)
given f_b_cardMax: int(0..100)
given f_b_defined_min: int(1..100)
given f_b_defined_max: int(1..100)
given f_b_percentage: int(0..100)
find f_a_Function1DPartial_Flags: matrix indexed by [int(1..100)] of bool
find f_a_Function1DPartial_Values: matrix indexed by [int(1..100)] of bool
find f_b_Function1DPartial_Flags: matrix indexed by [int(1..100)] of bool
find f_b_Function1DPartial_Values: matrix indexed by [int(1..100)] of bool
branching on
    [m, f_a_Function1DPartial_Flags, f_a_Function1DPartial_Values, f_b_Function1DPartial_Flags,
     f_b_Function1DPartial_Values]
such that
    m >= m_min,
    m <= m_max,
    and([q1 >= 1 /\ q1 <= m <-> f_a_Function1DPartial_Flags[q1] | q1 : int(1..100)]),
    sum([toInt(f_a_Function1DPartial_Flags[q9]) * catchUndef(toInt(f_a_Function1DPartial_Values[q9]), 0)
             | q9 : int(1..100)])
    = f_a_percentage * sum([toInt(f_a_Function1DPartial_Flags[q12]) | q12 : int(1..100)]) / 100,
    sum([toInt(f_b_Function1DPartial_Flags[q42]) | q42 : int(1..100)]) >= f_b_cardMin,
    sum([toInt(f_b_Function1DPartial_Flags[q44]) | q44 : int(1..100)]) <= f_b_cardMax,
    and([f_b_Function1DPartial_Flags[q23] -> q23 >= f_b_defined_min | q23 : int(1..100)]),
    and([f_b_Function1DPartial_Flags[q27] -> q27 <= f_b_defined_max | q27 : int(1..100)]),
    and([f_b_Function1DPartial_Flags[q31] -> q31 <= m | q31 : int(1..100)]),
    sum([toInt(f_b_Function1DPartial_Flags[q13]) * catchUndef(toInt(f_b_Function1DPartial_Values[q13]), 0)
             | q13 : int(1..100)])
    = f_b_percentage * sum([toInt(f_b_Function1DPartial_Flags[q16]) | q16 : int(1..100)]) / 100,
    and([f_a_Function1DPartial_Flags[q3] = false -> f_a_Function1DPartial_Values[q3] = false | q3 : int(1..100)]),
    and([f_b_Function1DPartial_Flags[q6] = false -> f_b_Function1DPartial_Values[q6] = false | q6 : int(1..100)]),
    sum([toInt(f_b_Function1DPartial_Flags[q7]) | q7 : int(1..100)]) <= 100

