[tests/json_repr/issues/425/2/425.essence:2:15:
unexpected :
expecting expression
letting s be {:}
              ^]