Error:
    In a 'such that' statement: loop[0] = true
    Error: Out of bounds tuple indexing: loop[0]