Error:
    Parser error in file: sum-type-error.essence Error is:
ValidatorError sum-type-error.essence:2:19:
  |
2 | such that i = sum([false, true, false])
  |                   ^^^^^^^^^^^^^^^^^^^^
Type error:
	Expected:"Integer elements"
	Got: bool

