Error:
    In a 'such that' statement: [3, 1, 5; int(3..4, 7)] = [l_1 | l_1 : int(5, 2), true, var3]
    Error:
        Type error in [3, 1, 5; int(3..4, 7)] = [l_1 | l_1 : int(5, 2), true, var3]
                      Cannot use a comprehension in an equality expression.
