[tests/json_repr/issues/133/3/133_3.essence:7:10:
unexpected 3
expecting expression
m = [1,2 3]
         ^]