[tests/json_repr/random_perturb/enum_liberated/delete-02/delete-02.essence:3:1:
unexpected givn
expecting dot, end of input, or statement
givn E1 new type enum
^]