[tests/json_repr/random_perturb/set01/change-04/change-04.essence:1:10:
language name has to be Essence, but given: Essenle
language Essenle 1.3
         ^]