Error:
    tests/parse_print/random_perturb/set01/delete-08/delete-08.essence:3:23:
  |
3 | find x : set (size 2) o int(1..3)
  |                       ^
Error: Symbol not found "o"

tests/parse_print/random_perturb/set01/delete-08/delete-08.essence:3:23:
  |
3 | find x : set (size 2) o int(1..3)
  |                       ^
Missing o

tests/parse_print/random_perturb/set01/delete-08/delete-08.essence:3:25:
  |
3 | find x : set (size 2) o int(1..3)
  |                         ^
Missing <identifier>

tests/parse_print/random_perturb/set01/delete-08/delete-08.essence:3:25:
  |
3 | find x : set (size 2) o int(1..3)
  |                         ^
Missing int

tests/parse_print/random_perturb/set01/delete-08/delete-08.essence:3:25:
  |
3 | find x : set (size 2) o int(1..3)
  |                         ^
Missing int
