[tests/json_repr/random_perturb/enum_liberated/delete-01/delete-01.essence:1:1:
unexpected lanuage
expecting end of input, language, or statement
lanuage Essence 1.3
^]