[tests/json_repr/random_perturb/set01/change-05/change-05.essence:3:1:
unexpected finO
expecting dot, end of input, or statement
finO x : set (size 2) of int(1..3)
^]