[tests/json_repr/random_perturb/enum_liberated/change-03/change-03.essence:6:29:
unexpected ma
expecting comma, end of input, rest of statement, or statement
letting E2 be new type enum ma, b, c, d, "hoh hoh hooo"}
                            ^]