[tests/json_repr/random_perturb/set01/delete-01/delete-01.essence:1:1:
unexpected laguage
expecting end of input, language, or statement
laguage Essence 1.3
^]