Error:
    Parser error in file: allDiff-type-error.essence Error is:
ValidatorError allDiff-type-error.essence:2:23:
  |
2 | such that b = allDiff(5)
  |                       ^
Type error:
	Expected:"Matrix or list"
	Got: int

