Error:
    In a 'such that' statement: s = flatten([[0; int(1)]; int(1)])
    Error:
        Type error in s = flatten([[0; int(1)]; int(1)])
                      Cannot use a comprehension in an equality expression.
