[Lexing error: "hoh hoh hooo}
find y : E2
find z : E2(a..c)
find t : E2(b,d)

such that y = z, z = t

find k : E2
such that k = max(`E2`)
]