Error:
    Undefined reference: x
    Bindings in context:
        c4: an alias for [x | x <- {1, 2, 3, 4}, x < 2]
        c3: an alias for [x | x <- {1, 2, 3, 4}]
        c2: an alias for [x + y | x : s, y : s]
        c1: an alias for [x | x : s]
        s: an alias for `set (size 5) of int`