Error:
    Parser error in file: tests/parse_print/parsing03_nonassoc/nonassoc.essence Error is:
ValidatorError tests/parse_print/parsing03_nonassoc/nonassoc.essence:2:16:
  |
2 | such that x = y = z
  |                ^
Missing Expr

tests/parse_print/parsing03_nonassoc/nonassoc.essence:2:17:
  |
2 | such that x = y = z
  |                 ^
Missing ,
