[tests/json_repr/random_perturb/set01/delete-10/delete-10.essence:1:1:
unexpected lnguage
expecting end of input, language, or statement
lnguage Essence 1.3
^]