Error:
    Parser error in file: toInt-error.essence Error is:
ValidatorError toInt-error.essence:3:15:
  |
3 | such that b = toInt(a)
  |               ^^^^^^^^
Type error:
	Expected: bool
	Got: int

