Error:
    Parser error in file: negate-type-error.essence Error is:
ValidatorError negate-type-error.essence:2:17:
  |
2 | such that a = (-false)
  |                 ^^^^^
Type error:
	Expected: int
	Got: bool

